// Vitest Snapshot v1, https://vitest.dev/guide/snapshot.html

exports[`should render an <About /> > basic-about 1`] = `
<div
  data-testid="basic-about"
>
  <div
    class="MuiBox-root css-1kykfr"
  >
    <div
      style="position: relative; overflow: hidden; width: 100%; height: 100%; background-color: rgb(204, 204, 204);"
    >
      <div
        style="position: absolute; top: -300px; left: 0px; right: 0px; bottom: -300px; will-change: transform; transform: translateY(300px);"
      >
        <div
          class="MuiBox-root css-1opgm91"
        >
          <img
            src="/app/images/elliottandmycah.webp"
            style="opacity: 0; visibility: hidden; grid-column: 1; grid-row: 1; display: none; width: 100%; height: 100%; object-fit: cover; object-position: center;"
          />
          <img
            src="/app/images/elliottandmycah-small.webp"
            style="grid-column: 1; grid-row: 1; opacity: 0; position: relative; width: 100%;"
          />
        </div>
      </div>
      <div
        style="position: absolute; top: 0px; left: 0px; right: 0px; bottom: 0px; will-change: transform;"
      >
        <div
          class="MuiContainer-root MuiContainer-maxWidthLg css-1jyc5fq-MuiContainer-root"
        >
          <div
            class="MuiStack-root css-1jl7z82-MuiStack-root"
          >
            <h1
              class="MuiTypography-root MuiTypography-h1 MuiTypography-alignCenter css-13irxxv-MuiTypography-root"
            >
              Mycah & Elliott
            </h1>
          </div>
        </div>
      </div>
    </div>
  </div>
  <div
    class="MuiContainer-root MuiContainer-maxWidthLg css-1iin24e-MuiContainer-root"
  >
    <div
      class="MuiBox-root css-r4ywzk"
    >
      <div
        class="MuiBox-root css-htt6nx"
      >
        <div
          class="MuiBox-root css-1aofbdg"
        >
          <h3
            class="MuiTypography-root MuiTypography-h3 MuiTypography-alignCenter css-1jyc7ph-MuiTypography-root"
          >
            How we met
          </h3>
          <p
            class="MuiTypography-root MuiTypography-body1 MuiTypography-alignCenter MuiTypography-gutterBottom css-1c3pd2j-MuiTypography-root"
          >
            We met through the band program while attending Purdue University. We remained
              friends until our final year when we had our first date at a farm to table
              restaurant in downtown Lafayette.
          </p>
        </div>
        <div
          class="MuiBox-root css-117vclv"
        >
          <div
            class="MuiBox-root css-1safwja"
          >
            <img
              alt="Mycah and Elliott attend a Slayter concert on the hill"
              src="/app/images/on_the_hill.jpg"
              style="max-width: 100%;"
            />
          </div>
        </div>
      </div>
      <div
        class="MuiBox-root css-htt6nx"
      >
        <div
          class="MuiBox-root css-1aofbdg"
        >
          <h3
            class="MuiTypography-root MuiTypography-h3 MuiTypography-alignCenter css-1jyc7ph-MuiTypography-root"
          >
            Chicago and Seattle
          </h3>
          <p
            class="MuiTypography-root MuiTypography-body1 MuiTypography-alignCenter MuiTypography-gutterBottom css-1c3pd2j-MuiTypography-root"
          >
            We both, coincidentally, had already planned to move to Chicago, IL after graduation In
              August 2018, we moved to Seattle, WA. We lived in the South Lake Union area until we
              bought our house in Burien in September 2019. In May 2019, we added our chocolate lab,
              Ellie, to our family.
          </p>
        </div>
        <div
          class="MuiBox-root css-117vclv"
        >
          <div
            class="MuiBox-root css-1safwja"
          >
            <img
              alt="Ellie strikes a pose in front of 14000ft Mt. Rainier"
              src="/app/images/ellie_and_rainier.jpg"
              style="max-width: 100%;"
            />
          </div>
        </div>
      </div>
      <div
        class="MuiBox-root css-htt6nx"
      >
        <div
          class="MuiBox-root css-1aofbdg"
        >
          <h3
            class="MuiTypography-root MuiTypography-h3 MuiTypography-alignCenter css-1jyc7ph-MuiTypography-root"
          >
            Engagement
          </h3>
          <p
            class="MuiTypography-root MuiTypography-body1 MuiTypography-alignCenter MuiTypography-gutterBottom css-1c3pd2j-MuiTypography-root"
          >
            In August 2019, we took an Alaskan cruise. While ported in Juneau, AK, we had planned
              to hike to a view of Mendenhall glacier followed by a humpback whale watching tour.
              After nearly missing the bus ride to the glacier, losing our group as soon as we
              arrived, and with the rain pouring down, we hiked a mile and half to a gravel beach
              framed by Mendenhall Glacier, a turquoise lake, and a glacier-fed waterfall. Elliott
              asked our tour guide to take a photo of us and after a few snapshots, got down on one
              knee to pop the question.
          </p>
        </div>
        <div
          class="MuiBox-root css-117vclv"
        >
          <div
            class="MuiBox-root css-1safwja"
          >
            <img
              alt="Elliott pops the question in front of the Mendenhall glacier"
              src="/app/images/one_knee.jpg"
              style="max-width: 100%;"
            />
          </div>
        </div>
      </div>
    </div>
  </div>
</div>
`;
