// Jest Snapshot v1, https://goo.gl/fbAQLP

exports[`<ActiveLink> should render a link 1`] = `"<a class=\\"MuiTypography-root MuiTypography-inherit makeStyles-root-1 makeStyles-root-2 MuiLink-root MuiLink-underlineAlways css-142y51d-MuiTypography-root-MuiLink-root\\">Some test link</a>"`;

exports[`<ActiveLink> should render active on the current path 1`] = `"<a class=\\"MuiTypography-root MuiTypography-inherit makeStyles-root-5 makeStyles-root-6 MuiLink-root MuiLink-underlineAlways css-1iwtne7-MuiTypography-root-MuiLink-root\\">Some test link</a>"`;

exports[`<ActiveLink> should render disabled link 1`] = `"<a class=\\"MuiTypography-root MuiTypography-inherit makeStyles-root-3 makeStyles-root-4 MuiLink-root MuiLink-underlineNone css-1xfwc5g-MuiTypography-root-MuiLink-root\\">Some test link</a>"`;
