// Jest Snapshot v1, https://goo.gl/fbAQLP

exports[`should render a <Menu /> 1`] = `
<div
  data-testid="menu"
>
  <header
    class="MuiPaper-root MuiPaper-elevation MuiPaper-elevation0 MuiAppBar-root MuiAppBar-colorTransparent MuiAppBar-positionStatic css-pivuyh-MuiPaper-root-MuiAppBar-root"
  >
    <div
      class="MuiContainer-root MuiContainer-maxWidthLg css-1oqqzyl-MuiContainer-root"
    >
      <div
        class="MuiToolbar-root MuiToolbar-gutters MuiToolbar-regular css-hyum1k-MuiToolbar-root"
      >
        <div
          class="MuiBox-root css-0"
        >
          <a
            class="MuiTypography-root MuiTypography-inherit MuiLink-root MuiLink-underlineAlways css-qztcla-MuiTypography-root-MuiLink-root"
          >
            <p
              class="MuiTypography-root MuiTypography-body1 css-1vt3dvp-MuiTypography-root"
            >
              About us
            </p>
          </a>
        </div>
        <div
          class="MuiBox-root css-12x7e8k"
        >
          <a
            class="MuiTypography-root MuiTypography-inherit MuiLink-root MuiLink-underlineAlways css-qztcla-MuiTypography-root-MuiLink-root"
          >
            <p
              class="MuiTypography-root MuiTypography-body1 css-1vt3dvp-MuiTypography-root"
            >
              Pictures
            </p>
          </a>
        </div>
        <div
          class="MuiBox-root css-12x7e8k"
        >
          <a
            class="MuiTypography-root MuiTypography-inherit MuiLink-root MuiLink-underlineAlways css-qztcla-MuiTypography-root-MuiLink-root"
          >
            <p
              class="MuiTypography-root MuiTypography-body1 css-1vt3dvp-MuiTypography-root"
            >
              Wedding
            </p>
          </a>
        </div>
      </div>
    </div>
  </header>
</div>
`;
